[root@controller ~(keystone_admin)]# neutron security-group-rule-create --protoc
Created a new security_group_rule:
+-------------------+--------------------------------------+
| Field             | Value                                |
+-------------------+--------------------------------------+
| direction         | ingress                              |
| ethertype         | IPv4                                 |
| id                | 919a4e0f-5221-4257-9a0d-f97ed74e10c8 |
| port_range_max    |                                      |
| port_range_min    |                                      |
| protocol          | icmp                                 |
| remote_group_id   |                                      |
| remote_ip_prefix  |                                      |
| security_group_id | 530c9ab4-2dbd-450c-96db-134db9ec0e69 |
| tenant_id         | 6a9db1330b7b43d2a4cdb1eda684290b     |
+-------------------+--------------------------------------+
[root@controller ~(keystone_admin)]# neutron security-group-rule-create --protoc
Conflict (HTTP 409) (Request-ID: req-0b9991f2-33c4-4055-bb7c-837dfdcc7476)
[root@controller ~(keystone_admin)]# neutron net-create public --router:external
Service Unavailable (HTTP 503) (Request-ID: req-f3d1f28f-f587-43e5-9803-569948bb
[root@controller ~(keystone_admin)]# neutron subnet-create public 192.168.1.0/24ddresses in the allocation range to match what is available on your network)
-bash: syntax error near unexpected token `('
[root@controller ~(keystone_admin)]# neutron subnet-create public 192.168.1.0/24
Unable to find network with name 'public'
[root@controller ~(keystone_admin)]# neutron net-create public --router:external
Service Unavailable (HTTP 503) (Request-ID: req-94635859-d7f8-4105-a0ee-4f249d4f
[root@controller ~(keystone_admin)]# ps -ef | grep rabbitmq
root      3128 19424  0 19:51 pts/1    00:00:00 grep --color=auto rabbitmq
rabbitmq 31580     1  3 18:17 ?        00:03:35 /usr/lib64/erlang/erts-5.10.4/bi5/sbin/../ebin -noshell -noinput -s rabbit boot -sname rabbit@controller -boot s-sasl sasl_error_logger false -rabbit error_logger {file,"/var/log/rabbitmq/rabbns" -rabbit plugins_dir "/usr/lib/rabbitmq/lib/rabbitmq_server-3.3.5/sbin/../plustart_memsup false -mnesia dir "/var/lib/rabbitmq/mnesia/rabbit@controller" -ker
rabbitmq 31595     1  0 18:17 ?        00:00:00 /usr/lib64/erlang/erts-5.10.4/bi
rabbitmq 31708 31580  0 18:17 ?        00:00:00 inet_gethost 4
rabbitmq 31709 31708  0 18:17 ?        00:00:00 inet_gethost 4

